BASELINE ACCEPT (Int, Text): (Int, Text)
BASELINE ACCEPT Result<Int, Text>: Result<Int, Text>
BASELINE REJECT Result<(Int, Text), Text>: semantic error at 1:1: [module 'sys.file'] unknown type '(Int'
BASELINE ACCEPT Result<Int, (Int, Text)>: Result<Int, (Int, Text)>
BASELINE ACCEPT Option<(Int, Text)>: Option<(Int, Text)>
BASELINE ACCEPT [(Int, Text)]: [(Int, Text)]
BASELINE REJECT [(Int, [Int; 2])]: semantic error at 1:1: [module 'sys.file'] fixed array length must be a nonnegative integer literal
BASELINE ACCEPT [(Int, [Int; 2]); 2]: [(Int, [Int; 2]); 2]
BASELINE ACCEPT [(Int, [Int; 2]); ~]: [(Int, [Int; 2]); ~]
BASELINE REJECT [(Int, [Int; <= 2])]: semantic error at 1:1: [module 'sys.file'] bounded array capacity must be a positive integer literal
BASELINE REJECT [(Int, [Int; <= 2]); 3]: semantic error at 1:1: [module 'sys.file'] bounded array capacity must be a positive integer literal
BASELINE ACCEPT [(Int, [Int; <= 2]); <= 3]: [(Int, [Int; <=2]); <=3]
BASELINE ACCEPT (x: Int, y: Text): (x: Int, y: Text)
BASELINE ACCEPT ((Int, Text), Int): ((Int, Text), Int)
BASELINE REJECT ((x: Int, y: Text), Int): semantic error at 1:1: [module 'sys.file'] unknown type 'Int, y: Text)'
BASELINE ACCEPT (item: (x: Int, y: Text), rest: Int): (item: (x: Int, y: Text), rest: Int)
BASELINE REJECT ([Int; <= 2], Text): semantic error at 1:1: [module 'sys.file'] product types require at least two fields
BASELINE REJECT Result<[Int; <= 2], Text>: semantic error at 1:1: [module 'sys.file'] Result requires success and error types
BASELINE REJECT Result<(Int, [Text; <= 2]), Text>: semantic error at 1:1: [module 'sys.file'] unknown type '(Int'
BASELINE ACCEPT [Int; 0]: [Int; 0]
BASELINE ACCEPT [Int; <= 1]: [Int; <=1]
PASS delimiter-accept (Int, Text): (Int, Text)
PASS delimiter-accept Result<Int, Text>: Result<Int, Text>
PASS delimiter-accept Result<(Int, Text), Text>: Result<(Int, Text), Text>
PASS delimiter-accept Result<Int, (Int, Text)>: Result<Int, (Int, Text)>
PASS delimiter-accept Option<(Int, Text)>: Option<(Int, Text)>
PASS delimiter-accept [(Int, Text)]: [(Int, Text)]
PASS delimiter-accept [(Int, [Int; 2])]: [(Int, [Int; 2])]
PASS delimiter-accept [(Int, [Int; 2]); 2]: [(Int, [Int; 2]); 2]
PASS delimiter-accept [(Int, [Int; 2]); ~]: [(Int, [Int; 2]); ~]
PASS delimiter-accept [(Int, [Int; <= 2])]: [(Int, [Int; <=2])]
PASS delimiter-accept [(Int, [Int; <= 2]); 3]: [(Int, [Int; <=2]); 3]
PASS delimiter-accept [(Int, [Int; <= 2]); <= 3]: [(Int, [Int; <=2]); <=3]
PASS delimiter-accept (x: Int, y: Text): (x: Int, y: Text)
PASS delimiter-accept ((Int, Text), Int): ((Int, Text), Int)
PASS delimiter-accept ((x: Int, y: Text), Int): ((x: Int, y: Text), Int)
PASS delimiter-accept (item: (x: Int, y: Text), rest: Int): (item: (x: Int, y: Text), rest: Int)
PASS delimiter-accept ([Int; <= 2], Text): ([Int; <=2], Text)
PASS delimiter-accept Result<[Int; <= 2], Text>: Result<[Int; <=2], Text>
PASS delimiter-accept Result<(Int, [Text; <= 2]), Text>: Result<(Int, [Text; <=2]), Text>
PASS delimiter-accept [Int; 0]: [Int; 0]
PASS delimiter-accept [Int; <= 1]: [Int; <=1]
PASS delimiter-reject [[Int; ~]]: readonly array views require inline scalar or user-value elements
PASS delimiter-reject [[Int; 2]]: readonly array views require inline scalar or user-value elements
PASS delimiter-reject [[Int; ~]; 2]: fixed array elements must be inline scalar or user values
PASS delimiter-reject [[Int; ~]; <= 2]: bounded array elements must be inline scalar or user values
PASS delimiter-reject [Unit]: readonly array views require inline scalar or user-value elements
PASS delimiter-reject [Int; -1]: fixed array length must be a nonnegative integer literal
PASS delimiter-reject [Int; <= 0]: bounded array capacity must be a positive integer literal
PASS delimiter-reject [Int; nope]: fixed array length must be a nonnegative integer literal
PASS delimiter-reject Result<(Int, Text)>: Result requires success and error types
PASS delimiter-position (Int, Text), Text
PASS delimiter-position (x: Int, y: Text)
PASS delimiter-position label: (x: Int, y: Text)
PASS delimiter-position Result<[Int; <= 2], Text>, Int
PASS delimiter-position (Int, [Int; <= 2]); 3
PASS delimiter-position {Text: [Int; <= 2]}, Int
PASS delimiter-position (Int, Text
PASS delimiter-position Int), Text
PASS delimiter-generic-readonly-nested
PASS delimiter-definition-fixed
PASS delimiter-definition-bounded